  Fahr	Celcius
    10	  -12.2
     8	  -13.3
     6	  -14.4
     4	  -15.6
     2	  -16.7
     0	  -17.8
