  Fahr	Celcius
     0	  -17.8
     2	  -16.7
     4	  -15.6
     6	  -14.4
     8	  -13.3
    10	  -12.2
