  Fahr	Celcius
     0	  -17.8
     3	  -16.1
     6	  -14.4
     9	  -12.8
